py3.11: venv> .venv/bin/uv venv -p /home/user/cold-start-trial/work/itsdangerous-3-rewrite-expectation-1/.venv/bin/python --allow-existing --python-preference system /home/user/cold-start-trial/work/itsdangerous-3-rewrite-expectation-1/.tox/py3.11
py3.11: uv-sync> uv sync --locked --python-preference system --no-default-groups --no-editable --reinstall-package itsdangerous --group tests -p /home/user/cold-start-trial/work/itsdangerous-3-rewrite-expectation-1/.venv/bin/python
py3.11: commands[0]> pytest -v --tb=short --basetemp=/home/user/cold-start-trial/work/itsdangerous-3-rewrite-expectation-1/.tox/py3.11/tmp
============================= test session starts ==============================
platform linux -- Python 3.11.2, pytest-8.3.5, pluggy-1.6.0 -- /home/user/cold-start-trial/work/itsdangerous-3-rewrite-expectation-1/.tox/py3.11/bin/python3
cachedir: .tox/py3.11/.pytest_cache
rootdir: /home/user/cold-start-trial/work/itsdangerous-3-rewrite-expectation-1
configfile: pyproject.toml
testpaths: tests
collecting ... collected 297 items

tests/test_itsdangerous/test_encoding.py::test_want_bytes[ma\xf1ana] PASSED [  0%]
tests/test_itsdangerous/test_encoding.py::test_want_bytes[tomorrow] PASSED [  0%]
tests/test_itsdangerous/test_encoding.py::test_base64[\u7121\u9650] PASSED [  1%]
tests/test_itsdangerous/test_encoding.py::test_base64[infinite] PASSED   [  1%]
tests/test_itsdangerous/test_encoding.py::test_base64_bad PASSED         [  1%]
tests/test_itsdangerous/test_encoding.py::test_int_bytes[0-] PASSED      [  2%]
tests/test_itsdangerous/test_encoding.py::test_int_bytes[192-\xc0] FAILED [  2%]
tests/test_itsdangerous/test_encoding.py::test_int_bytes[18446744073709551615-\xff\xff\xff\xff\xff\xff\xff\xff] PASSED [  2%]
tests/test_itsdangerous/test_serializer.py::TestSerializer::test_serializer[Serializer-None] PASSED [  3%]
tests/test_itsdangerous/test_serializer.py::TestSerializer::test_serializer[Serializer-True] PASSED [  3%]
tests/test_itsdangerous/test_serializer.py::TestSerializer::test_serializer[Serializer-str] PASSED [  3%]
tests/test_itsdangerous/test_serializer.py::TestSerializer::test_serializer[Serializer-text] PASSED [  4%]
tests/test_itsdangerous/test_serializer.py::TestSerializer::test_serializer[Serializer-value4] PASSED [  4%]
tests/test_itsdangerous/test_serializer.py::TestSerializer::test_serializer[Serializer-value5] PASSED [  4%]
tests/test_itsdangerous/test_serializer.py::TestSerializer::test_serializer[serializer_factory1-None] PASSED [  5%]
tests/test_itsdangerous/test_serializer.py::TestSerializer::test_serializer[serializer_factory1-True] PASSED [  5%]
tests/test_itsdangerous/test_serializer.py::TestSerializer::test_serializer[serializer_factory1-str] PASSED [  5%]
tests/test_itsdangerous/test_serializer.py::TestSerializer::test_serializer[serializer_factory1-text] PASSED [  6%]
tests/test_itsdangerous/test_serializer.py::TestSerializer::test_serializer[serializer_factory1-value4] PASSED [  6%]
tests/test_itsdangerous/test_serializer.py::TestSerializer::test_serializer[serializer_factory1-value5] PASSED [  6%]
tests/test_itsdangerous/test_serializer.py::TestSerializer::test_changed_value[Serializer-<lambda>0] PASSED [  7%]
tests/test_itsdangerous/test_serializer.py::TestSerializer::test_changed_value[Serializer-<lambda>1] PASSED [  7%]
tests/test_itsdangerous/test_serializer.py::TestSerializer::test_changed_value[Serializer-<lambda>2] PASSED [  7%]
tests/test_itsdangerous/test_serializer.py::TestSerializer::test_changed_value[Serializer-<lambda>3] PASSED [  8%]
tests/test_itsdangerous/test_serializer.py::TestSerializer::test_changed_value[serializer_factory1-<lambda>0] PASSED [  8%]
tests/test_itsdangerous/test_serializer.py::TestSerializer::test_changed_value[serializer_factory1-<lambda>1] PASSED [  8%]
tests/test_itsdangerous/test_serializer.py::TestSerializer::test_changed_value[serializer_factory1-<lambda>2] PASSED [  9%]
tests/test_itsdangerous/test_serializer.py::TestSerializer::test_changed_value[serializer_factory1-<lambda>3] PASSED [  9%]
tests/test_itsdangerous/test_serializer.py::TestSerializer::test_bad_signature_exception[Serializer] PASSED [  9%]
tests/test_itsdangerous/test_serializer.py::TestSerializer::test_bad_signature_exception[serializer_factory1] PASSED [ 10%]
tests/test_itsdangerous/test_serializer.py::TestSerializer::test_bad_payload_exception[Serializer] PASSED [ 10%]
tests/test_itsdangerous/test_serializer.py::TestSerializer::test_bad_payload_exception[serializer_factory1] PASSED [ 10%]
tests/test_itsdangerous/test_serializer.py::TestSerializer::test_loads_unsafe[Serializer] PASSED [ 11%]
tests/test_itsdangerous/test_serializer.py::TestSerializer::test_loads_unsafe[serializer_factory1] PASSED [ 11%]
tests/test_itsdangerous/test_serializer.py::TestSerializer::test_file[Serializer] PASSED [ 11%]
tests/test_itsdangerous/test_serializer.py::TestSerializer::test_file[serializer_factory1] PASSED [ 12%]
tests/test_itsdangerous/test_serializer.py::TestSerializer::test_alt_salt[Serializer] PASSED [ 12%]
tests/test_itsdangerous/test_serializer.py::TestSerializer::test_alt_salt[serializer_factory1] PASSED [ 12%]
tests/test_itsdangerous/test_serializer.py::TestSerializer::test_signer_cls[Serializer] PASSED [ 13%]
tests/test_itsdangerous/test_serializer.py::TestSerializer::test_signer_cls[serializer_factory1] PASSED [ 13%]
tests/test_itsdangerous/test_serializer.py::TestSerializer::test_signer_kwargs[Serializer] PASSED [ 13%]
tests/test_itsdangerous/test_serializer.py::TestSerializer::test_signer_kwargs[serializer_factory1] PASSED [ 14%]
tests/test_itsdangerous/test_serializer.py::TestSerializer::test_serializer_kwargs[Serializer] PASSED [ 14%]
tests/test_itsdangerous/test_serializer.py::TestSerializer::test_serializer_kwargs[serializer_factory1] PASSED [ 14%]
tests/test_itsdangerous/test_serializer.py::TestSerializer::test_fallback_signers[Serializer] PASSED [ 15%]
tests/test_itsdangerous/test_serializer.py::TestSerializer::test_fallback_signers[serializer_factory1] PASSED [ 15%]
tests/test_itsdangerous/test_serializer.py::TestSerializer::test_iter_unsigners[Serializer] PASSED [ 15%]
tests/test_itsdangerous/test_serializer.py::TestSerializer::test_iter_unsigners[serializer_factory1] PASSED [ 16%]
tests/test_itsdangerous/test_serializer.py::test_digests PASSED          [ 16%]
tests/test_itsdangerous/test_signer.py::TestSigner::test_signer PASSED   [ 16%]
tests/test_itsdangerous/test_signer.py::TestSigner::test_no_separator PASSED [ 17%]
tests/test_itsdangerous/test_signer.py::TestSigner::test_broken_signature PASSED [ 17%]
tests/test_itsdangerous/test_signer.py::TestSigner::test_changed_value PASSED [ 17%]
tests/test_itsdangerous/test_signer.py::TestSigner::test_invalid_separator PASSED [ 18%]
tests/test_itsdangerous/test_signer.py::TestSigner::test_key_derivation[concat] PASSED [ 18%]
tests/test_itsdangerous/test_signer.py::TestSigner::test_key_derivation[django-concat] PASSED [ 18%]
tests/test_itsdangerous/test_signer.py::TestSigner::test_key_derivation[hmac] PASSED [ 19%]
tests/test_itsdangerous/test_signer.py::TestSigner::test_key_derivation[none] PASSED [ 19%]
tests/test_itsdangerous/test_signer.py::TestSigner::test_invalid_key_derivation PASSED [ 19%]
tests/test_itsdangerous/test_signer.py::TestSigner::test_digest_method PASSED [ 20%]
tests/test_itsdangerous/test_signer.py::TestSigner::test_algorithm[None] PASSED [ 20%]
tests/test_itsdangerous/test_signer.py::TestSigner::test_algorithm[algorithm1] PASSED [ 20%]
tests/test_itsdangerous/test_signer.py::TestSigner::test_algorithm[algorithm2] PASSED [ 21%]
tests/test_itsdangerous/test_signer.py::TestSigner::test_algorithm[algorithm3] PASSED [ 21%]
tests/test_itsdangerous/test_signer.py::TestSigner::test_secret_keys PASSED [ 21%]
tests/test_itsdangerous/test_signer.py::test_abstract_algorithm PASSED   [ 22%]
tests/test_itsdangerous/test_timed.py::TestSerializer::test_serializer[Serializer-None] PASSED [ 22%]
tests/test_itsdangerous/test_timed.py::TestSerializer::test_serializer[Serializer-True] PASSED [ 22%]
tests/test_itsdangerous/test_timed.py::TestSerializer::test_serializer[Serializer-str] PASSED [ 23%]
tests/test_itsdangerous/test_timed.py::TestSerializer::test_serializer[Serializer-text] PASSED [ 23%]
tests/test_itsdangerous/test_timed.py::TestSerializer::test_serializer[Serializer-value4] PASSED [ 23%]
tests/test_itsdangerous/test_timed.py::TestSerializer::test_serializer[Serializer-value5] PASSED [ 24%]
tests/test_itsdangerous/test_timed.py::TestSerializer::test_serializer[serializer_factory1-None] PASSED [ 24%]
tests/test_itsdangerous/test_timed.py::TestSerializer::test_serializer[serializer_factory1-True] PASSED [ 24%]
tests/test_itsdangerous/test_timed.py::TestSerializer::test_serializer[serializer_factory1-str] PASSED [ 25%]
tests/test_itsdangerous/test_timed.py::TestSerializer::test_serializer[serializer_factory1-text] PASSED [ 25%]
tests/test_itsdangerous/test_timed.py::TestSerializer::test_serializer[serializer_factory1-value4] PASSED [ 25%]
tests/test_itsdangerous/test_timed.py::TestSerializer::test_serializer[serializer_factory1-value5] PASSED [ 26%]
tests/test_itsdangerous/test_timed.py::TestSerializer::test_changed_value[Serializer-<lambda>0] PASSED [ 26%]
tests/test_itsdangerous/test_timed.py::TestSerializer::test_changed_value[Serializer-<lambda>1] PASSED [ 26%]
tests/test_itsdangerous/test_timed.py::TestSerializer::test_changed_value[Serializer-<lambda>2] PASSED [ 27%]
tests/test_itsdangerous/test_timed.py::TestSerializer::test_changed_value[Serializer-<lambda>3] PASSED [ 27%]
tests/test_itsdangerous/test_timed.py::TestSerializer::test_changed_value[serializer_factory1-<lambda>0] PASSED [ 27%]
tests/test_itsdangerous/test_timed.py::TestSerializer::test_changed_value[serializer_factory1-<lambda>1] PASSED [ 28%]
tests/test_itsdangerous/test_timed.py::TestSerializer::test_changed_value[serializer_factory1-<lambda>2] PASSED [ 28%]
tests/test_itsdangerous/test_timed.py::TestSerializer::test_changed_value[serializer_factory1-<lambda>3] PASSED [ 28%]
tests/test_itsdangerous/test_timed.py::TestSerializer::test_bad_signature_exception[Serializer] PASSED [ 29%]
tests/test_itsdangerous/test_timed.py::TestSerializer::test_bad_signature_exception[serializer_factory1] PASSED [ 29%]
tests/test_itsdangerous/test_timed.py::TestSerializer::test_bad_payload_exception[Serializer] PASSED [ 29%]
tests/test_itsdangerous/test_timed.py::TestSerializer::test_bad_payload_exception[serializer_factory1] PASSED [ 30%]
tests/test_itsdangerous/test_timed.py::TestSerializer::test_loads_unsafe[Serializer] PASSED [ 30%]
tests/test_itsdangerous/test_timed.py::TestSerializer::test_loads_unsafe[serializer_factory1] PASSED [ 30%]
tests/test_itsdangerous/test_timed.py::TestSerializer::test_file[Serializer] PASSED [ 31%]
tests/test_itsdangerous/test_timed.py::TestSerializer::test_file[serializer_factory1] PASSED [ 31%]
tests/test_itsdangerous/test_timed.py::TestSerializer::test_alt_salt[Serializer] PASSED [ 31%]
tests/test_itsdangerous/test_timed.py::TestSerializer::test_alt_salt[serializer_factory1] PASSED [ 32%]
tests/test_itsdangerous/test_timed.py::TestSerializer::test_signer_cls[Serializer] PASSED [ 32%]
tests/test_itsdangerous/test_timed.py::TestSerializer::test_signer_cls[serializer_factory1] PASSED [ 32%]
tests/test_itsdangerous/test_timed.py::TestSerializer::test_signer_kwargs[Serializer] PASSED [ 33%]
tests/test_itsdangerous/test_timed.py::TestSerializer::test_signer_kwargs[serializer_factory1] PASSED [ 33%]
tests/test_itsdangerous/test_timed.py::TestSerializer::test_serializer_kwargs[Serializer] PASSED [ 34%]
tests/test_itsdangerous/test_timed.py::TestSerializer::test_serializer_kwargs[serializer_factory1] PASSED [ 34%]
tests/test_itsdangerous/test_timed.py::TestSerializer::test_fallback_signers[Serializer] PASSED [ 34%]
tests/test_itsdangerous/test_timed.py::TestSerializer::test_fallback_signers[serializer_factory1] PASSED [ 35%]
tests/test_itsdangerous/test_timed.py::TestSerializer::test_iter_unsigners[Serializer] PASSED [ 35%]
tests/test_itsdangerous/test_timed.py::TestSerializer::test_iter_unsigners[serializer_factory1] PASSED [ 35%]
tests/test_itsdangerous/test_timed.py::TestSigner::test_signer PASSED    [ 36%]
tests/test_itsdangerous/test_timed.py::TestSigner::test_no_separator PASSED [ 36%]
tests/test_itsdangerous/test_timed.py::TestSigner::test_broken_signature PASSED [ 36%]
tests/test_itsdangerous/test_timed.py::TestSigner::test_changed_value PASSED [ 37%]
tests/test_itsdangerous/test_timed.py::TestSigner::test_invalid_separator PASSED [ 37%]
tests/test_itsdangerous/test_timed.py::TestSigner::test_key_derivation[concat] PASSED [ 37%]
tests/test_itsdangerous/test_timed.py::TestSigner::test_key_derivation[django-concat] PASSED [ 38%]
tests/test_itsdangerous/test_timed.py::TestSigner::test_key_derivation[hmac] PASSED [ 38%]
tests/test_itsdangerous/test_timed.py::TestSigner::test_key_derivation[none] PASSED [ 38%]
tests/test_itsdangerous/test_timed.py::TestSigner::test_invalid_key_derivation PASSED [ 39%]
tests/test_itsdangerous/test_timed.py::TestSigner::test_digest_method PASSED [ 39%]
tests/test_itsdangerous/test_timed.py::TestSigner::test_algorithm[None] PASSED [ 39%]
tests/test_itsdangerous/test_timed.py::TestSigner::test_algorithm[algorithm1] PASSED [ 40%]
tests/test_itsdangerous/test_timed.py::TestSigner::test_algorithm[algorithm2] PASSED [ 40%]
tests/test_itsdangerous/test_timed.py::TestSigner::test_algorithm[algorithm3] PASSED [ 40%]
tests/test_itsdangerous/test_timed.py::TestSigner::test_secret_keys PASSED [ 41%]
tests/test_itsdangerous/test_timed.py::TestTimestampSigner::test_signer PASSED [ 41%]
tests/test_itsdangerous/test_timed.py::TestTimestampSigner::test_no_separator PASSED [ 41%]
tests/test_itsdangerous/test_timed.py::TestTimestampSigner::test_broken_signature PASSED [ 42%]
tests/test_itsdangerous/test_timed.py::TestTimestampSigner::test_changed_value PASSED [ 42%]
tests/test_itsdangerous/test_timed.py::TestTimestampSigner::test_invalid_separator PASSED [ 42%]
tests/test_itsdangerous/test_timed.py::TestTimestampSigner::test_key_derivation[concat] PASSED [ 43%]
tests/test_itsdangerous/test_timed.py::TestTimestampSigner::test_key_derivation[django-concat] PASSED [ 43%]
tests/test_itsdangerous/test_timed.py::TestTimestampSigner::test_key_derivation[hmac] PASSED [ 43%]
tests/test_itsdangerous/test_timed.py::TestTimestampSigner::test_key_derivation[none] PASSED [ 44%]
tests/test_itsdangerous/test_timed.py::TestTimestampSigner::test_invalid_key_derivation PASSED [ 44%]
tests/test_itsdangerous/test_timed.py::TestTimestampSigner::test_digest_method PASSED [ 44%]
tests/test_itsdangerous/test_timed.py::TestTimestampSigner::test_algorithm[None] PASSED [ 45%]
tests/test_itsdangerous/test_timed.py::TestTimestampSigner::test_algorithm[algorithm1] PASSED [ 45%]
tests/test_itsdangerous/test_timed.py::TestTimestampSigner::test_algorithm[algorithm2] PASSED [ 45%]
tests/test_itsdangerous/test_timed.py::TestTimestampSigner::test_algorithm[algorithm3] PASSED [ 46%]
tests/test_itsdangerous/test_timed.py::TestTimestampSigner::test_secret_keys PASSED [ 46%]
tests/test_itsdangerous/test_timed.py::TestTimestampSigner::test_max_age PASSED [ 46%]
tests/test_itsdangerous/test_timed.py::TestTimestampSigner::test_return_timestamp PASSED [ 47%]
tests/test_itsdangerous/test_timed.py::TestTimestampSigner::test_timestamp_missing PASSED [ 47%]
tests/test_itsdangerous/test_timed.py::TestTimestampSigner::test_malformed_timestamp PASSED [ 47%]
tests/test_itsdangerous/test_timed.py::TestTimestampSigner::test_malformed_future_timestamp PASSED [ 48%]
tests/test_itsdangerous/test_timed.py::TestTimestampSigner::test_future_age PASSED [ 48%]
tests/test_itsdangerous/test_timed.py::TestTimestampSigner::test_sig_error_date_signed PASSED [ 48%]
tests/test_itsdangerous/test_timed.py::TestTimedSerializer::test_serializer[None] PASSED [ 49%]
tests/test_itsdangerous/test_timed.py::TestTimedSerializer::test_serializer[True] PASSED [ 49%]
tests/test_itsdangerous/test_timed.py::TestTimedSerializer::test_serializer[str] PASSED [ 49%]
tests/test_itsdangerous/test_timed.py::TestTimedSerializer::test_serializer[text] PASSED [ 50%]
tests/test_itsdangerous/test_timed.py::TestTimedSerializer::test_serializer[value4] PASSED [ 50%]
tests/test_itsdangerous/test_timed.py::TestTimedSerializer::test_serializer[value5] PASSED [ 50%]
tests/test_itsdangerous/test_timed.py::TestTimedSerializer::test_changed_value[<lambda>0] PASSED [ 51%]
tests/test_itsdangerous/test_timed.py::TestTimedSerializer::test_changed_value[<lambda>1] PASSED [ 51%]
tests/test_itsdangerous/test_timed.py::TestTimedSerializer::test_changed_value[<lambda>2] PASSED [ 51%]
tests/test_itsdangerous/test_timed.py::TestTimedSerializer::test_changed_value[<lambda>3] PASSED [ 52%]
tests/test_itsdangerous/test_timed.py::TestTimedSerializer::test_bad_signature_exception PASSED [ 52%]
tests/test_itsdangerous/test_timed.py::TestTimedSerializer::test_bad_payload_exception PASSED [ 52%]
tests/test_itsdangerous/test_timed.py::TestTimedSerializer::test_loads_unsafe PASSED [ 53%]
tests/test_itsdangerous/test_timed.py::TestTimedSerializer::test_file PASSED [ 53%]
tests/test_itsdangerous/test_timed.py::TestTimedSerializer::test_alt_salt PASSED [ 53%]
tests/test_itsdangerous/test_timed.py::TestTimedSerializer::test_signer_cls PASSED [ 54%]
tests/test_itsdangerous/test_timed.py::TestTimedSerializer::test_signer_kwargs PASSED [ 54%]
tests/test_itsdangerous/test_timed.py::TestTimedSerializer::test_serializer_kwargs PASSED [ 54%]
tests/test_itsdangerous/test_timed.py::TestTimedSerializer::test_fallback_signers PASSED [ 55%]
tests/test_itsdangerous/test_timed.py::TestTimedSerializer::test_iter_unsigners PASSED [ 55%]
tests/test_itsdangerous/test_timed.py::TestTimedSerializer::test_max_age PASSED [ 55%]
tests/test_itsdangerous/test_timed.py::TestTimedSerializer::test_return_payload PASSED [ 56%]
tests/test_itsdangerous/test_url_safe.py::TestSerializer::test_serializer[Serializer-None] PASSED [ 56%]
tests/test_itsdangerous/test_url_safe.py::TestSerializer::test_serializer[Serializer-True] PASSED [ 56%]
tests/test_itsdangerous/test_url_safe.py::TestSerializer::test_serializer[Serializer-str] PASSED [ 57%]
tests/test_itsdangerous/test_url_safe.py::TestSerializer::test_serializer[Serializer-text] PASSED [ 57%]
tests/test_itsdangerous/test_url_safe.py::TestSerializer::test_serializer[Serializer-value4] PASSED [ 57%]
tests/test_itsdangerous/test_url_safe.py::TestSerializer::test_serializer[Serializer-value5] PASSED [ 58%]
tests/test_itsdangerous/test_url_safe.py::TestSerializer::test_serializer[serializer_factory1-None] PASSED [ 58%]
tests/test_itsdangerous/test_url_safe.py::TestSerializer::test_serializer[serializer_factory1-True] PASSED [ 58%]
tests/test_itsdangerous/test_url_safe.py::TestSerializer::test_serializer[serializer_factory1-str] PASSED [ 59%]
tests/test_itsdangerous/test_url_safe.py::TestSerializer::test_serializer[serializer_factory1-text] PASSED [ 59%]
tests/test_itsdangerous/test_url_safe.py::TestSerializer::test_serializer[serializer_factory1-value4] PASSED [ 59%]
tests/test_itsdangerous/test_url_safe.py::TestSerializer::test_serializer[serializer_factory1-value5] PASSED [ 60%]
tests/test_itsdangerous/test_url_safe.py::TestSerializer::test_changed_value[Serializer-<lambda>0] PASSED [ 60%]
tests/test_itsdangerous/test_url_safe.py::TestSerializer::test_changed_value[Serializer-<lambda>1] PASSED [ 60%]
tests/test_itsdangerous/test_url_safe.py::TestSerializer::test_changed_value[Serializer-<lambda>2] PASSED [ 61%]
tests/test_itsdangerous/test_url_safe.py::TestSerializer::test_changed_value[Serializer-<lambda>3] PASSED [ 61%]
tests/test_itsdangerous/test_url_safe.py::TestSerializer::test_changed_value[serializer_factory1-<lambda>0] PASSED [ 61%]
tests/test_itsdangerous/test_url_safe.py::TestSerializer::test_changed_value[serializer_factory1-<lambda>1] PASSED [ 62%]
tests/test_itsdangerous/test_url_safe.py::TestSerializer::test_changed_value[serializer_factory1-<lambda>2] PASSED [ 62%]
tests/test_itsdangerous/test_url_safe.py::TestSerializer::test_changed_value[serializer_factory1-<lambda>3] PASSED [ 62%]
tests/test_itsdangerous/test_url_safe.py::TestSerializer::test_bad_signature_exception[Serializer] PASSED [ 63%]
tests/test_itsdangerous/test_url_safe.py::TestSerializer::test_bad_signature_exception[serializer_factory1] PASSED [ 63%]
tests/test_itsdangerous/test_url_safe.py::TestSerializer::test_bad_payload_exception[Serializer] PASSED [ 63%]
tests/test_itsdangerous/test_url_safe.py::TestSerializer::test_bad_payload_exception[serializer_factory1] PASSED [ 64%]
tests/test_itsdangerous/test_url_safe.py::TestSerializer::test_loads_unsafe[Serializer] PASSED [ 64%]
tests/test_itsdangerous/test_url_safe.py::TestSerializer::test_loads_unsafe[serializer_factory1] PASSED [ 64%]
tests/test_itsdangerous/test_url_safe.py::TestSerializer::test_file[Serializer] PASSED [ 65%]
tests/test_itsdangerous/test_url_safe.py::TestSerializer::test_file[serializer_factory1] PASSED [ 65%]
tests/test_itsdangerous/test_url_safe.py::TestSerializer::test_alt_salt[Serializer] PASSED [ 65%]
tests/test_itsdangerous/test_url_safe.py::TestSerializer::test_alt_salt[serializer_factory1] PASSED [ 66%]
tests/test_itsdangerous/test_url_safe.py::TestSerializer::test_signer_cls[Serializer] PASSED [ 66%]
tests/test_itsdangerous/test_url_safe.py::TestSerializer::test_signer_cls[serializer_factory1] PASSED [ 67%]
tests/test_itsdangerous/test_url_safe.py::TestSerializer::test_signer_kwargs[Serializer] PASSED [ 67%]
tests/test_itsdangerous/test_url_safe.py::TestSerializer::test_signer_kwargs[serializer_factory1] PASSED [ 67%]
tests/test_itsdangerous/test_url_safe.py::TestSerializer::test_serializer_kwargs[Serializer] PASSED [ 68%]
tests/test_itsdangerous/test_url_safe.py::TestSerializer::test_serializer_kwargs[serializer_factory1] PASSED [ 68%]
tests/test_itsdangerous/test_url_safe.py::TestSerializer::test_fallback_signers[Serializer] PASSED [ 68%]
tests/test_itsdangerous/test_url_safe.py::TestSerializer::test_fallback_signers[serializer_factory1] PASSED [ 69%]
tests/test_itsdangerous/test_url_safe.py::TestSerializer::test_iter_unsigners[Serializer] PASSED [ 69%]
tests/test_itsdangerous/test_url_safe.py::TestSerializer::test_iter_unsigners[serializer_factory1] PASSED [ 69%]
tests/test_itsdangerous/test_url_safe.py::TestTimedSerializer::test_serializer[None] PASSED [ 70%]
tests/test_itsdangerous/test_url_safe.py::TestTimedSerializer::test_serializer[True] PASSED [ 70%]
tests/test_itsdangerous/test_url_safe.py::TestTimedSerializer::test_serializer[str] PASSED [ 70%]
tests/test_itsdangerous/test_url_safe.py::TestTimedSerializer::test_serializer[text] PASSED [ 71%]
tests/test_itsdangerous/test_url_safe.py::TestTimedSerializer::test_serializer[value4] PASSED [ 71%]
tests/test_itsdangerous/test_url_safe.py::TestTimedSerializer::test_serializer[value5] PASSED [ 71%]
tests/test_itsdangerous/test_url_safe.py::TestTimedSerializer::test_changed_value[<lambda>0] PASSED [ 72%]
tests/test_itsdangerous/test_url_safe.py::TestTimedSerializer::test_changed_value[<lambda>1] PASSED [ 72%]
tests/test_itsdangerous/test_url_safe.py::TestTimedSerializer::test_changed_value[<lambda>2] PASSED [ 72%]
tests/test_itsdangerous/test_url_safe.py::TestTimedSerializer::test_changed_value[<lambda>3] PASSED [ 73%]
tests/test_itsdangerous/test_url_safe.py::TestTimedSerializer::test_bad_signature_exception PASSED [ 73%]
tests/test_itsdangerous/test_url_safe.py::TestTimedSerializer::test_bad_payload_exception PASSED [ 73%]
tests/test_itsdangerous/test_url_safe.py::TestTimedSerializer::test_loads_unsafe PASSED [ 74%]
tests/test_itsdangerous/test_url_safe.py::TestTimedSerializer::test_file PASSED [ 74%]
tests/test_itsdangerous/test_url_safe.py::TestTimedSerializer::test_alt_salt PASSED [ 74%]
tests/test_itsdangerous/test_url_safe.py::TestTimedSerializer::test_signer_cls PASSED [ 75%]
tests/test_itsdangerous/test_url_safe.py::TestTimedSerializer::test_signer_kwargs PASSED [ 75%]
tests/test_itsdangerous/test_url_safe.py::TestTimedSerializer::test_serializer_kwargs PASSED [ 75%]
tests/test_itsdangerous/test_url_safe.py::TestTimedSerializer::test_fallback_signers PASSED [ 76%]
tests/test_itsdangerous/test_url_safe.py::TestTimedSerializer::test_iter_unsigners PASSED [ 76%]
tests/test_itsdangerous/test_url_safe.py::TestTimedSerializer::test_max_age PASSED [ 76%]
tests/test_itsdangerous/test_url_safe.py::TestTimedSerializer::test_return_payload PASSED [ 77%]
tests/test_itsdangerous/test_url_safe.py::TestURLSafeSerializer::test_serializer[None] PASSED [ 77%]
tests/test_itsdangerous/test_url_safe.py::TestURLSafeSerializer::test_serializer[True] PASSED [ 77%]
tests/test_itsdangerous/test_url_safe.py::TestURLSafeSerializer::test_serializer[str] PASSED [ 78%]
tests/test_itsdangerous/test_url_safe.py::TestURLSafeSerializer::test_serializer[text] PASSED [ 78%]
tests/test_itsdangerous/test_url_safe.py::TestURLSafeSerializer::test_serializer[value4] PASSED [ 78%]
tests/test_itsdangerous/test_url_safe.py::TestURLSafeSerializer::test_serializer[value5] PASSED [ 79%]
tests/test_itsdangerous/test_url_safe.py::TestURLSafeSerializer::test_changed_value[value0-<lambda>0] PASSED [ 79%]
tests/test_itsdangerous/test_url_safe.py::TestURLSafeSerializer::test_changed_value[value0-<lambda>1] PASSED [ 79%]
tests/test_itsdangerous/test_url_safe.py::TestURLSafeSerializer::test_changed_value[value0-<lambda>2] PASSED [ 80%]
tests/test_itsdangerous/test_url_safe.py::TestURLSafeSerializer::test_changed_value[value0-<lambda>3] PASSED [ 80%]
tests/test_itsdangerous/test_url_safe.py::TestURLSafeSerializer::test_changed_value[zlib-<lambda>0] PASSED [ 80%]
tests/test_itsdangerous/test_url_safe.py::TestURLSafeSerializer::test_changed_value[zlib-<lambda>1] PASSED [ 81%]
tests/test_itsdangerous/test_url_safe.py::TestURLSafeSerializer::test_changed_value[zlib-<lambda>2] PASSED [ 81%]
tests/test_itsdangerous/test_url_safe.py::TestURLSafeSerializer::test_changed_value[zlib-<lambda>3] PASSED [ 81%]
tests/test_itsdangerous/test_url_safe.py::TestURLSafeSerializer::test_bad_signature_exception[value0] PASSED [ 82%]
tests/test_itsdangerous/test_url_safe.py::TestURLSafeSerializer::test_bad_signature_exception[zlib] PASSED [ 82%]
tests/test_itsdangerous/test_url_safe.py::TestURLSafeSerializer::test_bad_payload_exception[value0] PASSED [ 82%]
tests/test_itsdangerous/test_url_safe.py::TestURLSafeSerializer::test_bad_payload_exception[zlib] PASSED [ 83%]
tests/test_itsdangerous/test_url_safe.py::TestURLSafeSerializer::test_loads_unsafe[value0] PASSED [ 83%]
tests/test_itsdangerous/test_url_safe.py::TestURLSafeSerializer::test_loads_unsafe[zlib] PASSED [ 83%]
tests/test_itsdangerous/test_url_safe.py::TestURLSafeSerializer::test_file[value0] PASSED [ 84%]
tests/test_itsdangerous/test_url_safe.py::TestURLSafeSerializer::test_file[zlib] PASSED [ 84%]
tests/test_itsdangerous/test_url_safe.py::TestURLSafeSerializer::test_alt_salt[value0] PASSED [ 84%]
tests/test_itsdangerous/test_url_safe.py::TestURLSafeSerializer::test_alt_salt[zlib] PASSED [ 85%]
tests/test_itsdangerous/test_url_safe.py::TestURLSafeSerializer::test_signer_cls[value0] PASSED [ 85%]
tests/test_itsdangerous/test_url_safe.py::TestURLSafeSerializer::test_signer_cls[zlib] PASSED [ 85%]
tests/test_itsdangerous/test_url_safe.py::TestURLSafeSerializer::test_signer_kwargs[value0] PASSED [ 86%]
tests/test_itsdangerous/test_url_safe.py::TestURLSafeSerializer::test_signer_kwargs[zlib] PASSED [ 86%]
tests/test_itsdangerous/test_url_safe.py::TestURLSafeSerializer::test_serializer_kwargs PASSED [ 86%]
tests/test_itsdangerous/test_url_safe.py::TestURLSafeSerializer::test_fallback_signers[value0] PASSED [ 87%]
tests/test_itsdangerous/test_url_safe.py::TestURLSafeSerializer::test_fallback_signers[zlib] PASSED [ 87%]
tests/test_itsdangerous/test_url_safe.py::TestURLSafeSerializer::test_iter_unsigners PASSED [ 87%]
tests/test_itsdangerous/test_url_safe.py::TestURLSafeTimedSerializer::test_serializer[None] PASSED [ 88%]
tests/test_itsdangerous/test_url_safe.py::TestURLSafeTimedSerializer::test_serializer[True] PASSED [ 88%]
tests/test_itsdangerous/test_url_safe.py::TestURLSafeTimedSerializer::test_serializer[str] PASSED [ 88%]
tests/test_itsdangerous/test_url_safe.py::TestURLSafeTimedSerializer::test_serializer[text] PASSED [ 89%]
tests/test_itsdangerous/test_url_safe.py::TestURLSafeTimedSerializer::test_serializer[value4] PASSED [ 89%]
tests/test_itsdangerous/test_url_safe.py::TestURLSafeTimedSerializer::test_serializer[value5] PASSED [ 89%]
tests/test_itsdangerous/test_url_safe.py::TestURLSafeTimedSerializer::test_changed_value[value0-<lambda>0] PASSED [ 90%]
tests/test_itsdangerous/test_url_safe.py::TestURLSafeTimedSerializer::test_changed_value[value0-<lambda>1] PASSED [ 90%]
tests/test_itsdangerous/test_url_safe.py::TestURLSafeTimedSerializer::test_changed_value[value0-<lambda>2] PASSED [ 90%]
tests/test_itsdangerous/test_url_safe.py::TestURLSafeTimedSerializer::test_changed_value[value0-<lambda>3] PASSED [ 91%]
tests/test_itsdangerous/test_url_safe.py::TestURLSafeTimedSerializer::test_changed_value[zlib-<lambda>0] PASSED [ 91%]
tests/test_itsdangerous/test_url_safe.py::TestURLSafeTimedSerializer::test_changed_value[zlib-<lambda>1] PASSED [ 91%]
tests/test_itsdangerous/test_url_safe.py::TestURLSafeTimedSerializer::test_changed_value[zlib-<lambda>2] PASSED [ 92%]
tests/test_itsdangerous/test_url_safe.py::TestURLSafeTimedSerializer::test_changed_value[zlib-<lambda>3] PASSED [ 92%]
tests/test_itsdangerous/test_url_safe.py::TestURLSafeTimedSerializer::test_bad_signature_exception[value0] PASSED [ 92%]
tests/test_itsdangerous/test_url_safe.py::TestURLSafeTimedSerializer::test_bad_signature_exception[zlib] PASSED [ 93%]
tests/test_itsdangerous/test_url_safe.py::TestURLSafeTimedSerializer::test_bad_payload_exception[value0] PASSED [ 93%]
tests/test_itsdangerous/test_url_safe.py::TestURLSafeTimedSerializer::test_bad_payload_exception[zlib] PASSED [ 93%]
tests/test_itsdangerous/test_url_safe.py::TestURLSafeTimedSerializer::test_loads_unsafe[value0] PASSED [ 94%]
tests/test_itsdangerous/test_url_safe.py::TestURLSafeTimedSerializer::test_loads_unsafe[zlib] PASSED [ 94%]
tests/test_itsdangerous/test_url_safe.py::TestURLSafeTimedSerializer::test_file[value0] PASSED [ 94%]
tests/test_itsdangerous/test_url_safe.py::TestURLSafeTimedSerializer::test_file[zlib] PASSED [ 95%]
tests/test_itsdangerous/test_url_safe.py::TestURLSafeTimedSerializer::test_alt_salt[value0] PASSED [ 95%]
tests/test_itsdangerous/test_url_safe.py::TestURLSafeTimedSerializer::test_alt_salt[zlib] PASSED [ 95%]
tests/test_itsdangerous/test_url_safe.py::TestURLSafeTimedSerializer::test_signer_cls[value0] PASSED [ 96%]
tests/test_itsdangerous/test_url_safe.py::TestURLSafeTimedSerializer::test_signer_cls[zlib] PASSED [ 96%]
tests/test_itsdangerous/test_url_safe.py::TestURLSafeTimedSerializer::test_signer_kwargs[value0] PASSED [ 96%]
tests/test_itsdangerous/test_url_safe.py::TestURLSafeTimedSerializer::test_signer_kwargs[zlib] PASSED [ 97%]
tests/test_itsdangerous/test_url_safe.py::TestURLSafeTimedSerializer::test_serializer_kwargs PASSED [ 97%]
tests/test_itsdangerous/test_url_safe.py::TestURLSafeTimedSerializer::test_fallback_signers[value0] PASSED [ 97%]
tests/test_itsdangerous/test_url_safe.py::TestURLSafeTimedSerializer::test_fallback_signers[zlib] PASSED [ 98%]
tests/test_itsdangerous/test_url_safe.py::TestURLSafeTimedSerializer::test_iter_unsigners PASSED [ 98%]
tests/test_itsdangerous/test_url_safe.py::TestURLSafeTimedSerializer::test_max_age[value0] PASSED [ 98%]
tests/test_itsdangerous/test_url_safe.py::TestURLSafeTimedSerializer::test_max_age[zlib] PASSED [ 99%]
tests/test_itsdangerous/test_url_safe.py::TestURLSafeTimedSerializer::test_return_payload[value0] PASSED [ 99%]
tests/test_itsdangerous/test_url_safe.py::TestURLSafeTimedSerializer::test_return_payload[zlib] PASSED [100%]

=================================== FAILURES ===================================
___________________________ test_int_bytes[192-\xc0] ___________________________
tests/test_itsdangerous/test_encoding.py:37: in test_int_bytes
    assert dec == value
E   assert 193 == 192
=========================== short test summary info ============================
FAILED tests/test_itsdangerous/test_encoding.py::test_int_bytes[192-\xc0] - a...
======================== 1 failed, 296 passed in 0.68s =========================
py3.11: exit 1 (0.99 seconds) /home/user/cold-start-trial/work/itsdangerous-3-rewrite-expectation-1> pytest -v --tb=short --basetemp=/home/user/cold-start-trial/work/itsdangerous-3-rewrite-expectation-1/.tox/py3.11/tmp pid=18457
  py3.11: FAIL code 1 (1.25=setup[0.26]+cmd[0.99] seconds)
  evaluation failed :( (1.37 seconds)
