.agent/config.yml
.agent/evidence/EVD-1788611337337-2643799f.json
.agent/evidence/manifest.v1.json
.agent/jules-queue/README.md
.agent/jules.yml
.agent/prompts/A11y.md
.agent/prompts/Alchemist.md
.agent/prompts/Bolt.md
.agent/prompts/Janitor.md
.agent/prompts/Overseer.md
.agent/prompts/Scribe.md
.agent/prompts/Sentinel.md
.agent/prompts/Spectator.md
.agent/prompts/Task_Template.md
.agent/rules/dynamic-guardrails.json
.agent/rules/jules-protocol.md
.agent/state/flaky.jsonl
.agent/state/telemetry-2026-09-05.head
.agent/state/telemetry-2026-09-05.jsonl
.agent/workflows/jules-review.md
